FuncDecl(Name: Var(main) ReturnType: int Parameters:  Body: CompoundStatement(Declarations: (int EQUALS(Var(a) TIMES(Int(1), Int(2)),), (int EQUALS(Var(b) DIVIDE(Int(3), Int(4)),), (int EQUALS(Var(c) PLUS(Int(5), Int(6)),), (int EQUALS(Var(d) MINUS(Int(7), Int(8)),),  StatementList: RETURN(Int(0)))) 
