FuncDecl(Name: Var(main) ReturnType: int Parameters:  Body: CompoundStatement(Declarations:  StatementList: RETURN(Int(0)))) 
