FuncDecl(Name: Var(main) ReturnType: int Parameters:  Body: CompoundStatement(Declarations:  StatementList: WHILE Int(1) CompoundStatement(Declarations:  StatementList: WHILE Int(2) CompoundStatement(Declarations:  StatementList: )))) 
