FuncDecl(Name: Var(main) ReturnType: int Parameters:  Body: CompoundStatement(Declarations: (int EQUALS(Var(a) Int(1),),  StatementList: RETURN(Identifier(a)))) 
