FuncDecl(Name: Var(main) ReturnType: int Parameters:  Body: CompoundStatement(Declarations:  StatementList: RETURN(Int(0)))) , FuncDecl(Name: Var(myFunc) ReturnType: void Parameters:  Body: CompoundStatement(Declarations:  StatementList: RETURN())) 
