FuncDecl(Name: Var(main) ReturnType: int Parameters:  Body: CompoundStatement(Declarations: (float EQUALS(Var(a) Float(1.),),  StatementList: RETURN(Int(0)))) 
