Struct((int Var(age),), (int Var(salary),), , Employee, , )FuncDecl(Name: Var(main) ReturnType: int Parameters: PARAM(int Var(argc))  Body: CompoundStatement(Declarations: (Employee Var(prof),),  StatementList: RETURN(Int(0)))) 
