FuncDecl(Name: Var(main) ReturnType: int Parameters: PARAM(int Var(argc))  Body: CompoundStatement(Declarations:  StatementList: RETURN(Call(Receiver()FunctionName: test Params: )))) , FuncDecl(Name: Var(test) ReturnType: int Parameters:  Body: CompoundStatement(Declarations:  StatementList: RETURN(Int(0))))
